> Task :shared:kmpPartiallyResolvedDependenciesChecker
> Task :shared:checkKotlinGradlePluginConfigurationErrors SKIPPED
> Task :shared:convertXmlValueResourcesForAndroidMain NO-SOURCE
> Task :shared:copyNonXmlValueResourcesForAndroidMain NO-SOURCE
> Task :shared:prepareComposeResourcesTaskForAndroidMain NO-SOURCE
> Task :shared:generateResourceAccessorsForAndroidMain NO-SOURCE
> Task :shared:convertXmlValueResourcesForCommonMain NO-SOURCE
> Task :shared:copyNonXmlValueResourcesForCommonMain NO-SOURCE
> Task :shared:prepareComposeResourcesTaskForCommonMain NO-SOURCE
> Task :shared:generateResourceAccessorsForCommonMain NO-SOURCE
> Task :shared:generateActualResourceCollectorsForAndroidMain UP-TO-DATE
> Task :shared:generateComposeResClass UP-TO-DATE
> Task :shared:convertXmlValueResourcesForAndroidDebug NO-SOURCE
> Task :shared:copyNonXmlValueResourcesForAndroidDebug NO-SOURCE
> Task :shared:prepareComposeResourcesTaskForAndroidDebug NO-SOURCE
> Task :shared:copyDebugComposeResourcesToAndroidAssets UP-TO-DATE
> Task :shared:preBuild UP-TO-DATE
> Task :shared:preDebugBuild UP-TO-DATE
> Task :shared:generateDebugResValues UP-TO-DATE
> Task :shared:generateDebugResources UP-TO-DATE
> Task :shared:packageDebugResources UP-TO-DATE
> Task :shared:parseDebugLocalResources UP-TO-DATE
> Task :shared:generateDebugRFile UP-TO-DATE
> Task :shared:generateExpectResourceCollectorsForCommonMain UP-TO-DATE
> Task :shared:generateResourceAccessorsForAndroidDebug NO-SOURCE
> Task :shared:compileDebugKotlinAndroid UP-TO-DATE
> Task :shared:javaPreCompileDebug UP-TO-DATE
> Task :shared:compileDebugJavaWithJavac NO-SOURCE
> Task :shared:bundleLibRuntimeToJarDebug UP-TO-DATE
> Task :shared:bundleLibCompileToJarDebug UP-TO-DATE
> Task :shared:preDebugUnitTestBuild UP-TO-DATE
> Task :shared:generateDebugUnitTestStubRFile UP-TO-DATE
> Task :shared:convertXmlValueResourcesForAndroidUnitTest NO-SOURCE
> Task :shared:copyNonXmlValueResourcesForAndroidUnitTest NO-SOURCE
> Task :shared:prepareComposeResourcesTaskForAndroidUnitTest NO-SOURCE
> Task :shared:generateResourceAccessorsForAndroidUnitTest NO-SOURCE
> Task :shared:convertXmlValueResourcesForAndroidUnitTestDebug NO-SOURCE
> Task :shared:copyNonXmlValueResourcesForAndroidUnitTestDebug NO-SOURCE
> Task :shared:prepareComposeResourcesTaskForAndroidUnitTestDebug NO-SOURCE
> Task :shared:generateResourceAccessorsForAndroidUnitTestDebug NO-SOURCE
> Task :shared:convertXmlValueResourcesForCommonTest NO-SOURCE
> Task :shared:copyNonXmlValueResourcesForCommonTest NO-SOURCE
> Task :shared:prepareComposeResourcesTaskForCommonTest NO-SOURCE
> Task :shared:generateResourceAccessorsForCommonTest NO-SOURCE
> Task :shared:javaPreCompileDebugUnitTest UP-TO-DATE
> Task :shared:processDebugJavaRes UP-TO-DATE
> Task :androidApp:preBuild UP-TO-DATE
> Task :androidApp:preDebugBuild UP-TO-DATE
> Task :androidApp:mergeDebugNativeDebugMetadata NO-SOURCE
> Task :androidApp:kmpPartiallyResolvedDependenciesChecker
> Task :androidApp:checkKotlinGradlePluginConfigurationErrors SKIPPED
> Task :androidApp:convertXmlValueResourcesForAndroidMain NO-SOURCE
> Task :androidApp:copyNonXmlValueResourcesForAndroidMain NO-SOURCE
> Task :androidApp:prepareComposeResourcesTaskForAndroidMain NO-SOURCE
> Task :androidApp:generateResourceAccessorsForAndroidMain SKIPPED
> Task :androidApp:convertXmlValueResourcesForCommonMain NO-SOURCE
> Task :androidApp:copyNonXmlValueResourcesForCommonMain NO-SOURCE
> Task :androidApp:prepareComposeResourcesTaskForCommonMain NO-SOURCE
> Task :androidApp:generateResourceAccessorsForCommonMain SKIPPED
> Task :androidApp:generateActualResourceCollectorsForAndroidMain SKIPPED
> Task :androidApp:generateComposeResClass SKIPPED
> Task :androidApp:generateExpectResourceCollectorsForCommonMain SKIPPED
> Task :androidApp:convertXmlValueResourcesForAndroidDebug NO-SOURCE
> Task :androidApp:copyNonXmlValueResourcesForAndroidDebug NO-SOURCE
> Task :androidApp:prepareComposeResourcesTaskForAndroidDebug NO-SOURCE
> Task :androidApp:generateResourceAccessorsForAndroidDebug SKIPPED
> Task :shared:writeDebugAarMetadata UP-TO-DATE
> Task :androidApp:checkDebugAarMetadata UP-TO-DATE
> Task :androidApp:generateDebugResValues UP-TO-DATE
> Task :androidApp:mapDebugSourceSetPaths UP-TO-DATE
> Task :androidApp:generateDebugResources UP-TO-DATE
> Task :androidApp:mergeDebugResources UP-TO-DATE
> Task :androidApp:copyDebugComposeResourcesToAndroidAssets UP-TO-DATE
> Task :androidApp:packageDebugResources UP-TO-DATE
> Task :androidApp:parseDebugLocalResources UP-TO-DATE
> Task :androidApp:createDebugCompatibleScreenManifests UP-TO-DATE
> Task :androidApp:extractDeepLinksDebug UP-TO-DATE
> Task :shared:extractDeepLinksDebug UP-TO-DATE
> Task :shared:processDebugManifest UP-TO-DATE
> Task :androidApp:processDebugMainManifest UP-TO-DATE
> Task :androidApp:processDebugManifest UP-TO-DATE
> Task :androidApp:processDebugManifestForPackage UP-TO-DATE
> Task :shared:compileDebugLibraryResources UP-TO-DATE
> Task :androidApp:processDebugResources UP-TO-DATE
> Task :androidApp:compileDebugKotlinAndroid UP-TO-DATE
> Task :androidApp:javaPreCompileDebug UP-TO-DATE
> Task :androidApp:compileDebugJavaWithJavac NO-SOURCE
> Task :androidApp:mergeDebugShaders UP-TO-DATE
> Task :androidApp:compileDebugShaders NO-SOURCE
> Task :androidApp:debugAssetsCopyForAGP NO-SOURCE
> Task :androidApp:generateDebugAssets UP-TO-DATE
> Task :shared:mergeDebugShaders UP-TO-DATE
> Task :shared:compileDebugShaders NO-SOURCE
> Task :shared:debugAssetsCopyForAGP NO-SOURCE
> Task :shared:generateDebugAssets UP-TO-DATE
> Task :shared:mergeDebugAssets UP-TO-DATE
> Task :androidApp:mergeDebugAssets UP-TO-DATE
> Task :androidApp:compressDebugAssets UP-TO-DATE
> Task :androidApp:desugarDebugFileDependencies UP-TO-DATE
> Task :androidApp:dexBuilderDebug
> Task :androidApp:mergeDebugGlobalSynthetics UP-TO-DATE
> Task :androidApp:processDebugJavaRes
> Task :androidApp:checkDebugDuplicateClasses UP-TO-DATE
> Task :androidApp:mergeExtDexDebug UP-TO-DATE
> Task :shared:bundleLibRuntimeToDirDebug UP-TO-DATE
> Task :androidApp:mergeDebugJniLibFolders UP-TO-DATE
> Task :shared:mergeDebugJniLibFolders UP-TO-DATE
> Task :shared:mergeDebugNativeLibs NO-SOURCE
> Task :shared:copyDebugJniLibsProjectOnly UP-TO-DATE
> Task :androidApp:mergeDebugNativeLibs UP-TO-DATE
> Task :androidApp:stripDebugDebugSymbols UP-TO-DATE
> Task :androidApp:validateSigningDebug UP-TO-DATE
> Task :androidApp:writeDebugAppMetadata UP-TO-DATE
> Task :androidApp:writeDebugSigningConfigVersions UP-TO-DATE
> Task :androidApp:mergeProjectDexDebug
> Task :androidApp:mergeLibDexDebug
> Task :shared:compileDebugUnitTestKotlinAndroid
> Task :shared:compileDebugUnitTestJavaWithJavac NO-SOURCE
> Task :shared:processDebugUnitTestJavaRes UP-TO-DATE

> Task :shared:testDebugUnitTest
can't open C:\Program Files\Java\jdk-17\lib\tzmappings.

> Task :androidApp:mergeDebugJavaResource
> Task :androidApp:packageDebug
> Task :androidApp:createDebugApkListingFileRedirect UP-TO-DATE
> Task :androidApp:assembleDebug

BUILD SUCCESSFUL in 13s
66 actionable tasks: 10 executed, 56 up-to-date
EXIT=0
